// Jest Snapshot v1, https://goo.gl/fbAQLP

exports[`Accordion It matches the snapshot 1`] = `
<div>
  <div
    class="accordion"
  >
    <div
      class="title title-1-default "
      id="one-title"
      role="button"
      tabindex="0"
    >
      Title 1
    </div>
    <div
      aria-hidden="true"
      class="panel collapsed panel-1-default "
      id="one-panel"
      style="height: 0px;"
    >
      Panel 1
    </div>
    <div
      class="title title-2-default "
      id="two-title"
      role="button"
      tabindex="0"
    >
      Title 2
    </div>
    <div
      aria-hidden="true"
      class="panel collapsed panel-2-default "
      id="two-panel"
      style="height: 0px;"
    >
      Panel 2
    </div>
  </div>
</div>
`;
